🔌  Connecting to MongoDB...
👤  Testing as viewer: Maddison
📍  Location String: Jaipur, India
📍  Root Location Field: {"type":"Point","coordinates":[0,0]}

--- Test Case: 100km Filter ---
[getAllProfiles] Viewer profile whoToDate: [ 'Women' ] for userId: 6ab9245c-7b27-4991-9071-cfe037f40706
[getAllProfiles] Filtering to genders: [ 'Woman' ]
[getAllProfiles] Filtered out: Harsh Roy Gender: Man Not in allowed: [ 'Woman' ]
[getAllProfiles] Filtered out: Parichay Gender: Man Not in allowed: [ 'Woman' ]
[getAllProfiles] Filtered out: Saurav Kumar Gender: Man Not in allowed: [ 'Woman' ]
[getAllProfiles] Filtered out: Saurav Kumar Gender: Man Not in allowed: [ 'Woman' ]
[getAllProfiles] Filtered out: Harsh Roy Gender: Man Not in allowed: [ 'Woman' ]
[getAllProfiles] Filtered out: Anant Gender: Man Not in allowed: [ 'Woman' ]
[getAllProfiles] Filtered out: Mohit Gender: Man Not in allowed: [ 'Woman' ]
[getAllProfiles] Filtered out: Aman Chauhan Gender: Man Not in allowed: [ 'Woman' ]
[getAllProfiles] Filtered out: Karan Johar Gender: Non Binary Not in allowed: [ 'Woman' ]
[getAllProfiles] Filtered out: Shivam Singh Gender: Man Not in allowed: [ 'Woman' ]
[getAllProfiles] Filtered out: Dipanshu Gender: Man Not in allowed: [ 'Woman' ]
[getAllProfiles] Filtered out: Nitin Gender: Man Not in allowed: [ 'Woman' ]
[getAllProfiles] Filtered out: Rahul Sharma Gender: Man Not in allowed: [ 'Woman' ]
[getAllProfiles] Filtered out: Mansi Gender: Man Not in allowed: [ 'Woman' ]
[getAllProfiles] Filtered out: Dilip Gender: Man Not in allowed: [ 'Woman' ]
[getAllProfiles] Filtered out: Sean McCullough Gender: Man Not in allowed: [ 'Woman' ]
[getAllProfiles] Filtered out: Carlo Zieme Gender: Man Not in allowed: [ 'Woman' ]
[getAllProfiles] Filtered out: Loy Hilll Gender: Man Not in allowed: [ 'Woman' ]
[getAllProfiles] Filtered out: Efrain Lynch Gender: Man Not in allowed: [ 'Woman' ]
[getAllProfiles] Filtered out: Cornelius Waters Gender: Man Not in allowed: [ 'Woman' ]
[getAllProfiles] Filtered out: Kim Cummings Gender: Man Not in allowed: [ 'Woman' ]
[getAllProfiles] Filtered out: Ari Berge Gender: Man Not in allowed: [ 'Woman' ]
[getAllProfiles] Filtered out: Fred Weimann Gender: Man Not in allowed: [ 'Woman' ]
[getAllProfiles] Filtered out: Vena McClure Gender: Man Not in allowed: [ 'Woman' ]
[getAllProfiles] Filtered out: Cory Casper Gender: Man Not in allowed: [ 'Woman' ]
[getAllProfiles] Filtered out: Robert Kassulke Gender: Man Not in allowed: [ 'Woman' ]
[getAllProfiles] Filtered out: Nick Senger Gender: Man Not in allowed: [ 'Woman' ]
[getAllProfiles] Filtered out: Alessandra Kling Gender: Man Not in allowed: [ 'Woman' ]
[getAllProfiles] Filtered out: Brian Leffler-Sporer Gender: Man Not in allowed: [ 'Woman' ]
[getAllProfiles] Filtered out: Daryl Connelly Gender: Man Not in allowed: [ 'Woman' ]
[getAllProfiles] Filtered out: Isadore Ankunding Gender: Man Not in allowed: [ 'Woman' ]
[getAllProfiles] Filtered out: Julio Fahey-Ebert Gender: Man Not in allowed: [ 'Woman' ]
[getAllProfiles] Filtered out: Karine Kuphal Gender: Man Not in allowed: [ 'Woman' ]
[getAllProfiles] Filtered out: Athena Bailey Gender: Man Not in allowed: [ 'Woman' ]
[getAllProfiles] Filtered out: Luis Stamm Gender: Man Not in allowed: [ 'Woman' ]
[getAllProfiles] Filtered out: Scotty Wolff Gender: Man Not in allowed: [ 'Woman' ]
[getAllProfiles] Filtered out: Abdul Bayer Gender: Man Not in allowed: [ 'Woman' ]
[getAllProfiles] Filtered out: Wesley Price Gender: Man Not in allowed: [ 'Woman' ]
[getAllProfiles] Filtered out: Vernon Marvin Gender: Man Not in allowed: [ 'Woman' ]
[getAllProfiles] Filtered out: Hilda Will Gender: Man Not in allowed: [ 'Woman' ]
[getAllProfiles] Filtered out: Rubye Lynch Gender: Man Not in allowed: [ 'Woman' ]
[getAllProfiles] Filtered out: Ted Beatty Gender: Man Not in allowed: [ 'Woman' ]
[getAllProfiles] Filtered out: Iliana Kuhlman Gender: Man Not in allowed: [ 'Woman' ]
[getAllProfiles] Filtered out: Linnie Franey Gender: Man Not in allowed: [ 'Woman' ]
[getAllProfiles] Filtered out: Vincent Feeney Gender: Man Not in allowed: [ 'Woman' ]
[getAllProfiles] Filtered out: Ernest Frami Gender: Man Not in allowed: [ 'Woman' ]
[getAllProfiles] Filtered out: Alex MacGyver Gender: Man Not in allowed: [ 'Woman' ]
[getAllProfiles] Filtered out: Stefan Rogahn Gender: Man Not in allowed: [ 'Woman' ]
[getAllProfiles] Filtered out: Emanuel Rippin Gender: Man Not in allowed: [ 'Woman' ]
[getAllProfiles] Filtered out: Kamron Pfeffer Gender: Man Not in allowed: [ 'Woman' ]
[getAllProfiles] Filtered out: Colin Yundt Gender: Man Not in allowed: [ 'Woman' ]
[getAllProfiles] Filtered out: Adah Lehner Gender: Man Not in allowed: [ 'Woman' ]
[getAllProfiles] Filtered out: Percy Christiansen Gender: Man Not in allowed: [ 'Woman' ]
[getAllProfiles] Filtered out: Juana Brekke Gender: Man Not in allowed: [ 'Woman' ]
[getAllProfiles] Filtered out: Jewel Runolfsdottir-Herman Gender: Man Not in allowed: [ 'Woman' ]
[getAllProfiles] Filtered out: Allen Koepp Gender: Man Not in allowed: [ 'Woman' ]
[getAllProfiles] Filtered out: Gabriel Ward Gender: Man Not in allowed: [ 'Woman' ]
[getAllProfiles] Filtered out: Reginald Cassin-Fisher Gender: Man Not in allowed: [ 'Woman' ]
[getAllProfiles] Filtered out: Dexter Zboncak Gender: Man Not in allowed: [ 'Woman' ]
[getAllProfiles] Filtered out: Geoffrey Kris Gender: Man Not in allowed: [ 'Woman' ]
[getAllProfiles] Filtered out: Courtney Erdman Gender: Man Not in allowed: [ 'Woman' ]
[getAllProfiles] Filtered out: Stuart Littel Gender: Man Not in allowed: [ 'Woman' ]
[getAllProfiles] Filtered out: Ray Huels Gender: Man Not in allowed: [ 'Woman' ]
[getAllProfiles] Filtered out: Kelly Nitzsche Gender: Man Not in allowed: [ 'Woman' ]
[getAllProfiles] Filtered out: Ernesto Ortiz Gender: Man Not in allowed: [ 'Woman' ]
[getAllProfiles] Filtered out: Joey Rempel Gender: Man Not in allowed: [ 'Woman' ]
[getAllProfiles] Filtered out: Blanca Mueller Gender: Man Not in allowed: [ 'Woman' ]
[getAllProfiles] Filtered out: Lucas Yost Gender: Man Not in allowed: [ 'Woman' ]
[getAllProfiles] Filtered out: Casey Hane Gender: Man Not in allowed: [ 'Woman' ]
[getAllProfiles] Filtered out: John Jacobson Gender: Man Not in allowed: [ 'Woman' ]
[getAllProfiles] Filtered out: Earnest Heller Gender: Man Not in allowed: [ 'Woman' ]
[getAllProfiles] Filtered out: Rosalind Douglas Gender: Man Not in allowed: [ 'Woman' ]
[getAllProfiles] Filtered out: Elbert Senger Gender: Man Not in allowed: [ 'Woman' ]
[getAllProfiles] Filtered out: Kieran Dare Gender: Man Not in allowed: [ 'Woman' ]
[getAllProfiles] Filtered out: Loyal Tillman Gender: Man Not in allowed: [ 'Woman' ]
[getAllProfiles] Filtered out: Jeanie Kuhn Gender: Man Not in allowed: [ 'Woman' ]
[getAllProfiles] Filtered out: Gus Ebert-Wolff Gender: Man Not in allowed: [ 'Woman' ]
[getAllProfiles] Filtered out: Luther Miller Gender: Man Not in allowed: [ 'Woman' ]
[getAllProfiles] Filtered out: Anthony Kohler Gender: Man Not in allowed: [ 'Woman' ]
[getAllProfiles] Filtered out: Anastacio Gerhold Gender: Man Not in allowed: [ 'Woman' ]
[getAllProfiles] Filtered out: Willis Veum Gender: Man Not in allowed: [ 'Woman' ]
[getAllProfiles] Filtered out: John Stiedemann Gender: Man Not in allowed: [ 'Woman' ]
[getAllProfiles] Filtered out: Kenyon Hintz Gender: Man Not in allowed: [ 'Woman' ]
[getAllProfiles] Filtered out: Mabelle Spencer-Dibbert Gender: Man Not in allowed: [ 'Woman' ]
[getAllProfiles] Filtered out: Jaiden Jacobs Gender: Man Not in allowed: [ 'Woman' ]
[getAllProfiles] Filtered out: Darby Runte Gender: Man Not in allowed: [ 'Woman' ]
[getAllProfiles] Filtered out: Jesse Renner Gender: Man Not in allowed: [ 'Woman' ]
[getAllProfiles] Filtered out: Johnathan Turner Gender: Man Not in allowed: [ 'Woman' ]
[getAllProfiles] Filtered out: Shane Batz Gender: Man Not in allowed: [ 'Woman' ]
[getAllProfiles] Filtered out: Brandon Abbott Gender: Man Not in allowed: [ 'Woman' ]
[getAllProfiles] Filtered out: Raphaelle Bergstrom Gender: Man Not in allowed: [ 'Woman' ]
[getAllProfiles] Filtered out: Maudie Kihn Gender: Man Not in allowed: [ 'Woman' ]
[getAllProfiles] Filtered out: Quentin Kunze Gender: Man Not in allowed: [ 'Woman' ]
[getAllProfiles] Filtered out: William Bergnaum Gender: Man Not in allowed: [ 'Woman' ]
[getAllProfiles] Filtered out: Vivian Heathcote Gender: Man Not in allowed: [ 'Woman' ]
[getAllProfiles] Filtered out: Coleman Wolf Gender: Man Not in allowed: [ 'Woman' ]
[getAllProfiles] Filtered out: Emmett Bogisich Gender: Man Not in allowed: [ 'Woman' ]
[getAllProfiles] Filtered out: Dovie Marquardt Gender: Man Not in allowed: [ 'Woman' ]
[getAllProfiles] Filtered out: Israel Nitzsche Gender: Man Not in allowed: [ 'Woman' ]
[getAllProfiles] Filtered out: Andrew Moen Gender: Man Not in allowed: [ 'Woman' ]
[getAllProfiles] Filtered out: Adeline Greenholt Gender: Man Not in allowed: [ 'Woman' ]
[getAllProfiles] Filtered out: Keith Hettinger Gender: Man Not in allowed: [ 'Woman' ]
[getAllProfiles] Filtered out: Rashawn Wisozk Gender: Man Not in allowed: [ 'Woman' ]
[getAllProfiles] Filtered out: Alfred Hahn Gender: Man Not in allowed: [ 'Woman' ]
[getAllProfiles] Filtered out: Danny Morissette Gender: Man Not in allowed: [ 'Woman' ]
[getAllProfiles] Filtered out: Kennedy Jast Gender: Man Not in allowed: [ 'Woman' ]
[getAllProfiles] Filtered out: Carmelo Hudson Gender: Man Not in allowed: [ 'Woman' ]
[getAllProfiles] Filtered out: Shane Waters Gender: Man Not in allowed: [ 'Woman' ]
[getAllProfiles] Filtered out: Jonatan Howe Gender: Man Not in allowed: [ 'Woman' ]
[getAllProfiles] Filtered out: Byron Windler-Leannon Gender: Man Not in allowed: [ 'Woman' ]
[getAllProfiles] Filtered out: Andy Luettgen Gender: Man Not in allowed: [ 'Woman' ]
[getAllProfiles] Filtered out: Clare Reilly Gender: Man Not in allowed: [ 'Woman' ]
[getAllProfiles] Filtered out: Brett Huels Gender: Man Not in allowed: [ 'Woman' ]
[getAllProfiles] Filtered out: Lamar Von Gender: Man Not in allowed: [ 'Woman' ]
[getAllProfiles] Filtered out: Allan Howell Gender: Man Not in allowed: [ 'Woman' ]
[getAllProfiles] Filtered out: Oliver Stanton Gender: Man Not in allowed: [ 'Woman' ]
[getAllProfiles] Filtered out: Damon Larkin-Turcotte Gender: Man Not in allowed: [ 'Woman' ]
[getAllProfiles] Filtered out: Hector O'Reilly Gender: Man Not in allowed: [ 'Woman' ]
[getAllProfiles] Filtered out: Maurice Pollich Gender: Man Not in allowed: [ 'Woman' ]
[getAllProfiles] Filtered out: Tyler Stokes Gender: Man Not in allowed: [ 'Woman' ]
[getAllProfiles] Filtered out: Blake Miller Gender: Man Not in allowed: [ 'Woman' ]
[getAllProfiles] Filtered out: Diamond Donnelly Gender: Man Not in allowed: [ 'Woman' ]
[getAllProfiles] Filtered out: Julian Lindgren Gender: Man Not in allowed: [ 'Woman' ]
[getAllProfiles] Filtered out: Fernando Wiza-Stracke Gender: Man Not in allowed: [ 'Woman' ]
[getAllProfiles] Filtered out: Gilbert Brekke Gender: Man Not in allowed: [ 'Woman' ]
[getAllProfiles] Filtered out: Carlton Tromp Gender: Man Not in allowed: [ 'Woman' ]
[getAllProfiles] Filtered out: Danny Little Gender: Man Not in allowed: [ 'Woman' ]
[getAllProfiles] Filtered out: Ted Gleichner Gender: Man Not in allowed: [ 'Woman' ]
[getAllProfiles] Filtered out: Rudolph Nienow Gender: Man Not in allowed: [ 'Woman' ]
[getAllProfiles] Filtered out: Robert Kutch Gender: Man Not in allowed: [ 'Woman' ]
[getAllProfiles] Filtered out: Keith Powlowski Gender: Man Not in allowed: [ 'Woman' ]
[getAllProfiles] Filtered out: Maurine Kertzmann Gender: Man Not in allowed: [ 'Woman' ]
[getAllProfiles] Filtered out: Abdullah Rutherford Gender: Man Not in allowed: [ 'Woman' ]
[getAllProfiles] Filtered out: Lisette Rempel Gender: Man Not in allowed: [ 'Woman' ]
[getAllProfiles] Filtered out: Lionel Dickinson Gender: Man Not in allowed: [ 'Woman' ]
[getAllProfiles] Filtered out: Deangelo Hegmann Gender: Man Not in allowed: [ 'Woman' ]
[getAllProfiles] Filtered out: Wallace Koss Gender: Man Not in allowed: [ 'Woman' ]
[getAllProfiles] Filtered out: Zachery Gusikowski Gender: Man Not in allowed: [ 'Woman' ]
[getAllProfiles] Filtered out: Greg Roob Gender: Man Not in allowed: [ 'Woman' ]
[getAllProfiles] Filtered out: Claude Boyer Gender: Man Not in allowed: [ 'Woman' ]
[getAllProfiles] Filtered out: Tabitha Schimmel Gender: Man Not in allowed: [ 'Woman' ]
[getAllProfiles] Filtered out: Austin Ebert Gender: Man Not in allowed: [ 'Woman' ]
[getAllProfiles] Filtered out: Cruz Towne-Klocko Gender: Man Not in allowed: [ 'Woman' ]
[getAllProfiles] Filtered out: Kale Gulgowski Gender: Man Not in allowed: [ 'Woman' ]
[getAllProfiles] Filtered out: Hans Waelchi-Cassin Gender: Man Not in allowed: [ 'Woman' ]
[getAllProfiles] Filtered out: Chris Daugherty Gender: Man Not in allowed: [ 'Woman' ]
[getAllProfiles] Filtered out: Kristoffer Brakus Gender: Man Not in allowed: [ 'Woman' ]
[getAllProfiles] Filtered out: Wade Reilly Gender: Man Not in allowed: [ 'Woman' ]
[getAllProfiles] Filtered out: Madge Kohler Gender: Man Not in allowed: [ 'Woman' ]
[getAllProfiles] Filtered out: Harry Bayer Gender: Man Not in allowed: [ 'Woman' ]
[getAllProfiles] Filtered out: Guadalupe Blick Gender: Man Not in allowed: [ 'Woman' ]
[getAllProfiles] Filtered out: Darby Kutch Gender: Man Not in allowed: [ 'Woman' ]
[getAllProfiles] Filtered out: Archie Kuhic Gender: Man Not in allowed: [ 'Woman' ]
[getAllProfiles] Filtered out: David Rodriguez Gender: Man Not in allowed: [ 'Woman' ]
[getAllProfiles] Filtered out: Luke Bradtke Gender: Man Not in allowed: [ 'Woman' ]
[getAllProfiles] Filtered out: Jordan Halvorson Gender: Man Not in allowed: [ 'Woman' ]
[getAllProfiles] Filtered out: Rudolph Denesik Gender: Man Not in allowed: [ 'Woman' ]
[getAllProfiles] Filtered out: Shane Hansen Gender: Man Not in allowed: [ 'Woman' ]
[getAllProfiles] Filtered out: Ellis Feil Gender: Man Not in allowed: [ 'Woman' ]
[getAllProfiles] Filtered out: Dejuan Beier Gender: Man Not in allowed: [ 'Woman' ]
[getAllProfiles] Filtered out: Gianni Fay Gender: Man Not in allowed: [ 'Woman' ]
[getAllProfiles] Filtered out: Lila Beatty Gender: Man Not in allowed: [ 'Woman' ]
[getAllProfiles] Filtered out: Donny Howe Gender: Man Not in allowed: [ 'Woman' ]
[getAllProfiles] Filtered out: Easter Mayer Gender: Man Not in allowed: [ 'Woman' ]
[getAllProfiles] Filtered out: Joe Kutch Gender: Man Not in allowed: [ 'Woman' ]
[getAllProfiles] Filtered out: Jaron Ruecker Gender: Man Not in allowed: [ 'Woman' ]
[getAllProfiles] Filtered out: Wilfred Kuphal Gender: Man Not in allowed: [ 'Woman' ]
[getAllProfiles] Filtered out: Samantha Trantow Gender: Man Not in allowed: [ 'Woman' ]
[getAllProfiles] Filtered out: Amely VonRueden Gender: Man Not in allowed: [ 'Woman' ]
[getAllProfiles] Filtered out: Bernadette Rohan Gender: Man Not in allowed: [ 'Woman' ]
[getAllProfiles] Filtered out: Keely Kertzmann-Hickle Gender: Man Not in allowed: [ 'Woman' ]
[getAllProfiles] Filtered out: Victor Botsford Gender: Man Not in allowed: [ 'Woman' ]
[getAllProfiles] Filtered out: Gilberto Hand Gender: Man Not in allowed: [ 'Woman' ]
[getAllProfiles] Filtered out: Zakary Conn Gender: Man Not in allowed: [ 'Woman' ]
[getAllProfiles] Filtered out: Nelson Hayes Gender: Man Not in allowed: [ 'Woman' ]
[getAllProfiles] Filtered out: Derrick Collier Gender: Man Not in allowed: [ 'Woman' ]
[getAllProfiles] Filtered out: Alfredo Osinski Gender: Man Not in allowed: [ 'Woman' ]
[getAllProfiles] Filtered out: General Legros Gender: Man Not in allowed: [ 'Woman' ]
[getAllProfiles] Filtered out: Osborne DuBuque Gender: Man Not in allowed: [ 'Woman' ]
[getAllProfiles] Filtered out: Andrew Torphy-Collins Gender: Man Not in allowed: [ 'Woman' ]
[getAllProfiles] Filtered out: Stefan Miller Gender: Man Not in allowed: [ 'Woman' ]
[getAllProfiles] Filtered out: Anthony Strosin Gender: Man Not in allowed: [ 'Woman' ]
[getAllProfiles] Filtered out: Naomi Nitzsche Gender: Man Not in allowed: [ 'Woman' ]
[getAllProfiles] Filtered out: Lydia Hane Gender: Man Not in allowed: [ 'Woman' ]
[getAllProfiles] Filtered out: Kaitlyn Ernser Gender: Man Not in allowed: [ 'Woman' ]
[getAllProfiles] Filtered out: Marlon Doyle Gender: Man Not in allowed: [ 'Woman' ]
[getAllProfiles] Filtered out: Orlando Conroy-Langosh Gender: Man Not in allowed: [ 'Woman' ]
[getAllProfiles] Filtered out: Taylor Braun Gender: Man Not in allowed: [ 'Woman' ]
[getAllProfiles] Filtered out: Winfield Franey Gender: Man Not in allowed: [ 'Woman' ]
[getAllProfiles] Filtered out: Elbert Connelly Gender: Man Not in allowed: [ 'Woman' ]
[getAllProfiles] Filtered out: Ernesto Nienow Gender: Man Not in allowed: [ 'Woman' ]
[getAllProfiles] Filtered out: Terry Mante Gender: Man Not in allowed: [ 'Woman' ]
[getAllProfiles] Filtered out: Angela Rath Gender: Man Not in allowed: [ 'Woman' ]
[getAllProfiles] Filtered out: Tyrese Thompson Gender: Man Not in allowed: [ 'Woman' ]
[getAllProfiles] Filtered out: Julian Kuhlman Gender: Man Not in allowed: [ 'Woman' ]
[getAllProfiles] Filtered out: Terry Harvey Gender: Man Not in allowed: [ 'Woman' ]
[getAllProfiles] Filtered out: Adelia Gorczany Gender: Man Not in allowed: [ 'Woman' ]
[getAllProfiles] Filtered out: Joe Schultz Gender: Man Not in allowed: [ 'Woman' ]
[getAllProfiles] Filtered out: Mittie Green Gender: Man Not in allowed: [ 'Woman' ]
[getAllProfiles] Filtered out: Chad Kunde Gender: Man Not in allowed: [ 'Woman' ]
[getAllProfiles] Filtered out: Kelly Carter Gender: Man Not in allowed: [ 'Woman' ]
[getAllProfiles] Filtered out: Rene Crona Gender: Man Not in allowed: [ 'Woman' ]
[getAllProfiles] Filtered out: Jeff Cormier Gender: Man Not in allowed: [ 'Woman' ]
[getAllProfiles] Filtered out: Arthur Lind Gender: Man Not in allowed: [ 'Woman' ]
[getAllProfiles] Filtered out: Juvenal Predovic Gender: Man Not in allowed: [ 'Woman' ]
[getAllProfiles] Filtered out: Daphne Mueller Gender: Man Not in allowed: [ 'Woman' ]
[getAllProfiles] Filtered out: Earl Walker Gender: Man Not in allowed: [ 'Woman' ]
[getAllProfiles] Filtered out: Christiana Littel Gender: Man Not in allowed: [ 'Woman' ]
[getAllProfiles] Filtered out: Birdie Jakubowski Gender: Man Not in allowed: [ 'Woman' ]
[getAllProfiles] Filtered out: Kristopher Gusikowski-Jaskolski Gender: Man Not in allowed: [ 'Woman' ]
[getAllProfiles] Filtered out: Alberto Shanahan Gender: Man Not in allowed: [ 'Woman' ]
[getAllProfiles] Filtered out: Elwyn Hilll Gender: Man Not in allowed: [ 'Woman' ]
[getAllProfiles] Filtered out: Torrey Sipes Gender: Man Not in allowed: [ 'Woman' ]
[getAllProfiles] Filtered out: Erik Fay Gender: Man Not in allowed: [ 'Woman' ]
[getMatchedProfiles] maxDistance 100 requested but user 6ab9245c-7b27-4991-9071-cfe037f40706 has no location. Returning empty.
Found 0 profiles.
Countries found: 
⚠️  No profiles found in 100km.

--- Test Case: 5000km Filter ---
[getAllProfiles] Viewer profile whoToDate: [ 'Women' ] for userId: 6ab9245c-7b27-4991-9071-cfe037f40706
[getAllProfiles] Filtering to genders: [ 'Woman' ]
[getAllProfiles] Filtered out: Harsh Roy Gender: Man Not in allowed: [ 'Woman' ]
[getAllProfiles] Filtered out: Parichay Gender: Man Not in allowed: [ 'Woman' ]
[getAllProfiles] Filtered out: Saurav Kumar Gender: Man Not in allowed: [ 'Woman' ]
[getAllProfiles] Filtered out: Saurav Kumar Gender: Man Not in allowed: [ 'Woman' ]
[getAllProfiles] Filtered out: Harsh Roy Gender: Man Not in allowed: [ 'Woman' ]
[getAllProfiles] Filtered out: Anant Gender: Man Not in allowed: [ 'Woman' ]
[getAllProfiles] Filtered out: Mohit Gender: Man Not in allowed: [ 'Woman' ]
[getAllProfiles] Filtered out: Aman Chauhan Gender: Man Not in allowed: [ 'Woman' ]
[getAllProfiles] Filtered out: Karan Johar Gender: Non Binary Not in allowed: [ 'Woman' ]
[getAllProfiles] Filtered out: Shivam Singh Gender: Man Not in allowed: [ 'Woman' ]
[getAllProfiles] Filtered out: Dipanshu Gender: Man Not in allowed: [ 'Woman' ]
[getAllProfiles] Filtered out: Nitin Gender: Man Not in allowed: [ 'Woman' ]
[getAllProfiles] Filtered out: Rahul Sharma Gender: Man Not in allowed: [ 'Woman' ]
[getAllProfiles] Filtered out: Mansi Gender: Man Not in allowed: [ 'Woman' ]
[getAllProfiles] Filtered out: Dilip Gender: Man Not in allowed: [ 'Woman' ]
[getAllProfiles] Filtered out: Sean McCullough Gender: Man Not in allowed: [ 'Woman' ]
[getAllProfiles] Filtered out: Carlo Zieme Gender: Man Not in allowed: [ 'Woman' ]
[getAllProfiles] Filtered out: Loy Hilll Gender: Man Not in allowed: [ 'Woman' ]
[getAllProfiles] Filtered out: Efrain Lynch Gender: Man Not in allowed: [ 'Woman' ]
[getAllProfiles] Filtered out: Cornelius Waters Gender: Man Not in allowed: [ 'Woman' ]
[getAllProfiles] Filtered out: Kim Cummings Gender: Man Not in allowed: [ 'Woman' ]
[getAllProfiles] Filtered out: Ari Berge Gender: Man Not in allowed: [ 'Woman' ]
[getAllProfiles] Filtered out: Fred Weimann Gender: Man Not in allowed: [ 'Woman' ]
[getAllProfiles] Filtered out: Vena McClure Gender: Man Not in allowed: [ 'Woman' ]
[getAllProfiles] Filtered out: Cory Casper Gender: Man Not in allowed: [ 'Woman' ]
[getAllProfiles] Filtered out: Robert Kassulke Gender: Man Not in allowed: [ 'Woman' ]
[getAllProfiles] Filtered out: Nick Senger Gender: Man Not in allowed: [ 'Woman' ]
[getAllProfiles] Filtered out: Alessandra Kling Gender: Man Not in allowed: [ 'Woman' ]
[getAllProfiles] Filtered out: Brian Leffler-Sporer Gender: Man Not in allowed: [ 'Woman' ]
[getAllProfiles] Filtered out: Daryl Connelly Gender: Man Not in allowed: [ 'Woman' ]
[getAllProfiles] Filtered out: Isadore Ankunding Gender: Man Not in allowed: [ 'Woman' ]
[getAllProfiles] Filtered out: Julio Fahey-Ebert Gender: Man Not in allowed: [ 'Woman' ]
[getAllProfiles] Filtered out: Karine Kuphal Gender: Man Not in allowed: [ 'Woman' ]
[getAllProfiles] Filtered out: Athena Bailey Gender: Man Not in allowed: [ 'Woman' ]
[getAllProfiles] Filtered out: Luis Stamm Gender: Man Not in allowed: [ 'Woman' ]
[getAllProfiles] Filtered out: Scotty Wolff Gender: Man Not in allowed: [ 'Woman' ]
[getAllProfiles] Filtered out: Abdul Bayer Gender: Man Not in allowed: [ 'Woman' ]
[getAllProfiles] Filtered out: Wesley Price Gender: Man Not in allowed: [ 'Woman' ]
[getAllProfiles] Filtered out: Vernon Marvin Gender: Man Not in allowed: [ 'Woman' ]
[getAllProfiles] Filtered out: Hilda Will Gender: Man Not in allowed: [ 'Woman' ]
[getAllProfiles] Filtered out: Rubye Lynch Gender: Man Not in allowed: [ 'Woman' ]
[getAllProfiles] Filtered out: Ted Beatty Gender: Man Not in allowed: [ 'Woman' ]
[getAllProfiles] Filtered out: Iliana Kuhlman Gender: Man Not in allowed: [ 'Woman' ]
[getAllProfiles] Filtered out: Linnie Franey Gender: Man Not in allowed: [ 'Woman' ]
[getAllProfiles] Filtered out: Vincent Feeney Gender: Man Not in allowed: [ 'Woman' ]
[getAllProfiles] Filtered out: Ernest Frami Gender: Man Not in allowed: [ 'Woman' ]
[getAllProfiles] Filtered out: Alex MacGyver Gender: Man Not in allowed: [ 'Woman' ]
[getAllProfiles] Filtered out: Stefan Rogahn Gender: Man Not in allowed: [ 'Woman' ]
[getAllProfiles] Filtered out: Emanuel Rippin Gender: Man Not in allowed: [ 'Woman' ]
[getAllProfiles] Filtered out: Kamron Pfeffer Gender: Man Not in allowed: [ 'Woman' ]
[getAllProfiles] Filtered out: Colin Yundt Gender: Man Not in allowed: [ 'Woman' ]
[getAllProfiles] Filtered out: Adah Lehner Gender: Man Not in allowed: [ 'Woman' ]
[getAllProfiles] Filtered out: Percy Christiansen Gender: Man Not in allowed: [ 'Woman' ]
[getAllProfiles] Filtered out: Juana Brekke Gender: Man Not in allowed: [ 'Woman' ]
[getAllProfiles] Filtered out: Jewel Runolfsdottir-Herman Gender: Man Not in allowed: [ 'Woman' ]
[getAllProfiles] Filtered out: Allen Koepp Gender: Man Not in allowed: [ 'Woman' ]
[getAllProfiles] Filtered out: Gabriel Ward Gender: Man Not in allowed: [ 'Woman' ]
[getAllProfiles] Filtered out: Reginald Cassin-Fisher Gender: Man Not in allowed: [ 'Woman' ]
[getAllProfiles] Filtered out: Dexter Zboncak Gender: Man Not in allowed: [ 'Woman' ]
[getAllProfiles] Filtered out: Geoffrey Kris Gender: Man Not in allowed: [ 'Woman' ]
[getAllProfiles] Filtered out: Courtney Erdman Gender: Man Not in allowed: [ 'Woman' ]
[getAllProfiles] Filtered out: Stuart Littel Gender: Man Not in allowed: [ 'Woman' ]
[getAllProfiles] Filtered out: Ray Huels Gender: Man Not in allowed: [ 'Woman' ]
[getAllProfiles] Filtered out: Kelly Nitzsche Gender: Man Not in allowed: [ 'Woman' ]
[getAllProfiles] Filtered out: Ernesto Ortiz Gender: Man Not in allowed: [ 'Woman' ]
[getAllProfiles] Filtered out: Joey Rempel Gender: Man Not in allowed: [ 'Woman' ]
[getAllProfiles] Filtered out: Blanca Mueller Gender: Man Not in allowed: [ 'Woman' ]
[getAllProfiles] Filtered out: Lucas Yost Gender: Man Not in allowed: [ 'Woman' ]
[getAllProfiles] Filtered out: Casey Hane Gender: Man Not in allowed: [ 'Woman' ]
[getAllProfiles] Filtered out: John Jacobson Gender: Man Not in allowed: [ 'Woman' ]
[getAllProfiles] Filtered out: Earnest Heller Gender: Man Not in allowed: [ 'Woman' ]
[getAllProfiles] Filtered out: Rosalind Douglas Gender: Man Not in allowed: [ 'Woman' ]
[getAllProfiles] Filtered out: Elbert Senger Gender: Man Not in allowed: [ 'Woman' ]
[getAllProfiles] Filtered out: Kieran Dare Gender: Man Not in allowed: [ 'Woman' ]
[getAllProfiles] Filtered out: Loyal Tillman Gender: Man Not in allowed: [ 'Woman' ]
[getAllProfiles] Filtered out: Jeanie Kuhn Gender: Man Not in allowed: [ 'Woman' ]
[getAllProfiles] Filtered out: Gus Ebert-Wolff Gender: Man Not in allowed: [ 'Woman' ]
[getAllProfiles] Filtered out: Luther Miller Gender: Man Not in allowed: [ 'Woman' ]
[getAllProfiles] Filtered out: Anthony Kohler Gender: Man Not in allowed: [ 'Woman' ]
[getAllProfiles] Filtered out: Anastacio Gerhold Gender: Man Not in allowed: [ 'Woman' ]
[getAllProfiles] Filtered out: Willis Veum Gender: Man Not in allowed: [ 'Woman' ]
[getAllProfiles] Filtered out: John Stiedemann Gender: Man Not in allowed: [ 'Woman' ]
[getAllProfiles] Filtered out: Kenyon Hintz Gender: Man Not in allowed: [ 'Woman' ]
[getAllProfiles] Filtered out: Mabelle Spencer-Dibbert Gender: Man Not in allowed: [ 'Woman' ]
[getAllProfiles] Filtered out: Jaiden Jacobs Gender: Man Not in allowed: [ 'Woman' ]
[getAllProfiles] Filtered out: Darby Runte Gender: Man Not in allowed: [ 'Woman' ]
[getAllProfiles] Filtered out: Jesse Renner Gender: Man Not in allowed: [ 'Woman' ]
[getAllProfiles] Filtered out: Johnathan Turner Gender: Man Not in allowed: [ 'Woman' ]
[getAllProfiles] Filtered out: Shane Batz Gender: Man Not in allowed: [ 'Woman' ]
[getAllProfiles] Filtered out: Brandon Abbott Gender: Man Not in allowed: [ 'Woman' ]
[getAllProfiles] Filtered out: Raphaelle Bergstrom Gender: Man Not in allowed: [ 'Woman' ]
[getAllProfiles] Filtered out: Maudie Kihn Gender: Man Not in allowed: [ 'Woman' ]
[getAllProfiles] Filtered out: Quentin Kunze Gender: Man Not in allowed: [ 'Woman' ]
[getAllProfiles] Filtered out: William Bergnaum Gender: Man Not in allowed: [ 'Woman' ]
[getAllProfiles] Filtered out: Vivian Heathcote Gender: Man Not in allowed: [ 'Woman' ]
[getAllProfiles] Filtered out: Coleman Wolf Gender: Man Not in allowed: [ 'Woman' ]
[getAllProfiles] Filtered out: Emmett Bogisich Gender: Man Not in allowed: [ 'Woman' ]
[getAllProfiles] Filtered out: Dovie Marquardt Gender: Man Not in allowed: [ 'Woman' ]
[getAllProfiles] Filtered out: Israel Nitzsche Gender: Man Not in allowed: [ 'Woman' ]
[getAllProfiles] Filtered out: Andrew Moen Gender: Man Not in allowed: [ 'Woman' ]
[getAllProfiles] Filtered out: Adeline Greenholt Gender: Man Not in allowed: [ 'Woman' ]
[getAllProfiles] Filtered out: Keith Hettinger Gender: Man Not in allowed: [ 'Woman' ]
[getAllProfiles] Filtered out: Rashawn Wisozk Gender: Man Not in allowed: [ 'Woman' ]
[getAllProfiles] Filtered out: Alfred Hahn Gender: Man Not in allowed: [ 'Woman' ]
[getAllProfiles] Filtered out: Danny Morissette Gender: Man Not in allowed: [ 'Woman' ]
[getAllProfiles] Filtered out: Kennedy Jast Gender: Man Not in allowed: [ 'Woman' ]
[getAllProfiles] Filtered out: Carmelo Hudson Gender: Man Not in allowed: [ 'Woman' ]
[getAllProfiles] Filtered out: Shane Waters Gender: Man Not in allowed: [ 'Woman' ]
[getAllProfiles] Filtered out: Jonatan Howe Gender: Man Not in allowed: [ 'Woman' ]
[getAllProfiles] Filtered out: Byron Windler-Leannon Gender: Man Not in allowed: [ 'Woman' ]
[getAllProfiles] Filtered out: Andy Luettgen Gender: Man Not in allowed: [ 'Woman' ]
[getAllProfiles] Filtered out: Clare Reilly Gender: Man Not in allowed: [ 'Woman' ]
[getAllProfiles] Filtered out: Brett Huels Gender: Man Not in allowed: [ 'Woman' ]
[getAllProfiles] Filtered out: Lamar Von Gender: Man Not in allowed: [ 'Woman' ]
[getAllProfiles] Filtered out: Allan Howell Gender: Man Not in allowed: [ 'Woman' ]
[getAllProfiles] Filtered out: Oliver Stanton Gender: Man Not in allowed: [ 'Woman' ]
[getAllProfiles] Filtered out: Damon Larkin-Turcotte Gender: Man Not in allowed: [ 'Woman' ]
[getAllProfiles] Filtered out: Hector O'Reilly Gender: Man Not in allowed: [ 'Woman' ]
[getAllProfiles] Filtered out: Maurice Pollich Gender: Man Not in allowed: [ 'Woman' ]
[getAllProfiles] Filtered out: Tyler Stokes Gender: Man Not in allowed: [ 'Woman' ]
[getAllProfiles] Filtered out: Blake Miller Gender: Man Not in allowed: [ 'Woman' ]
[getAllProfiles] Filtered out: Diamond Donnelly Gender: Man Not in allowed: [ 'Woman' ]
[getAllProfiles] Filtered out: Julian Lindgren Gender: Man Not in allowed: [ 'Woman' ]
[getAllProfiles] Filtered out: Fernando Wiza-Stracke Gender: Man Not in allowed: [ 'Woman' ]
[getAllProfiles] Filtered out: Gilbert Brekke Gender: Man Not in allowed: [ 'Woman' ]
[getAllProfiles] Filtered out: Carlton Tromp Gender: Man Not in allowed: [ 'Woman' ]
[getAllProfiles] Filtered out: Danny Little Gender: Man Not in allowed: [ 'Woman' ]
[getAllProfiles] Filtered out: Ted Gleichner Gender: Man Not in allowed: [ 'Woman' ]
[getAllProfiles] Filtered out: Rudolph Nienow Gender: Man Not in allowed: [ 'Woman' ]
[getAllProfiles] Filtered out: Robert Kutch Gender: Man Not in allowed: [ 'Woman' ]
[getAllProfiles] Filtered out: Keith Powlowski Gender: Man Not in allowed: [ 'Woman' ]
[getAllProfiles] Filtered out: Maurine Kertzmann Gender: Man Not in allowed: [ 'Woman' ]
[getAllProfiles] Filtered out: Abdullah Rutherford Gender: Man Not in allowed: [ 'Woman' ]
[getAllProfiles] Filtered out: Lisette Rempel Gender: Man Not in allowed: [ 'Woman' ]
[getAllProfiles] Filtered out: Lionel Dickinson Gender: Man Not in allowed: [ 'Woman' ]
[getAllProfiles] Filtered out: Deangelo Hegmann Gender: Man Not in allowed: [ 'Woman' ]
[getAllProfiles] Filtered out: Wallace Koss Gender: Man Not in allowed: [ 'Woman' ]
[getAllProfiles] Filtered out: Zachery Gusikowski Gender: Man Not in allowed: [ 'Woman' ]
[getAllProfiles] Filtered out: Greg Roob Gender: Man Not in allowed: [ 'Woman' ]
[getAllProfiles] Filtered out: Claude Boyer Gender: Man Not in allowed: [ 'Woman' ]
[getAllProfiles] Filtered out: Tabitha Schimmel Gender: Man Not in allowed: [ 'Woman' ]
[getAllProfiles] Filtered out: Austin Ebert Gender: Man Not in allowed: [ 'Woman' ]
[getAllProfiles] Filtered out: Cruz Towne-Klocko Gender: Man Not in allowed: [ 'Woman' ]
[getAllProfiles] Filtered out: Kale Gulgowski Gender: Man Not in allowed: [ 'Woman' ]
[getAllProfiles] Filtered out: Hans Waelchi-Cassin Gender: Man Not in allowed: [ 'Woman' ]
[getAllProfiles] Filtered out: Chris Daugherty Gender: Man Not in allowed: [ 'Woman' ]
[getAllProfiles] Filtered out: Kristoffer Brakus Gender: Man Not in allowed: [ 'Woman' ]
[getAllProfiles] Filtered out: Wade Reilly Gender: Man Not in allowed: [ 'Woman' ]
[getAllProfiles] Filtered out: Madge Kohler Gender: Man Not in allowed: [ 'Woman' ]
[getAllProfiles] Filtered out: Harry Bayer Gender: Man Not in allowed: [ 'Woman' ]
[getAllProfiles] Filtered out: Guadalupe Blick Gender: Man Not in allowed: [ 'Woman' ]
[getAllProfiles] Filtered out: Darby Kutch Gender: Man Not in allowed: [ 'Woman' ]
[getAllProfiles] Filtered out: Archie Kuhic Gender: Man Not in allowed: [ 'Woman' ]
[getAllProfiles] Filtered out: David Rodriguez Gender: Man Not in allowed: [ 'Woman' ]
[getAllProfiles] Filtered out: Luke Bradtke Gender: Man Not in allowed: [ 'Woman' ]
[getAllProfiles] Filtered out: Jordan Halvorson Gender: Man Not in allowed: [ 'Woman' ]
[getAllProfiles] Filtered out: Rudolph Denesik Gender: Man Not in allowed: [ 'Woman' ]
[getAllProfiles] Filtered out: Shane Hansen Gender: Man Not in allowed: [ 'Woman' ]
[getAllProfiles] Filtered out: Ellis Feil Gender: Man Not in allowed: [ 'Woman' ]
[getAllProfiles] Filtered out: Dejuan Beier Gender: Man Not in allowed: [ 'Woman' ]
[getAllProfiles] Filtered out: Gianni Fay Gender: Man Not in allowed: [ 'Woman' ]
[getAllProfiles] Filtered out: Lila Beatty Gender: Man Not in allowed: [ 'Woman' ]
[getAllProfiles] Filtered out: Donny Howe Gender: Man Not in allowed: [ 'Woman' ]
[getAllProfiles] Filtered out: Easter Mayer Gender: Man Not in allowed: [ 'Woman' ]
[getAllProfiles] Filtered out: Joe Kutch Gender: Man Not in allowed: [ 'Woman' ]
[getAllProfiles] Filtered out: Jaron Ruecker Gender: Man Not in allowed: [ 'Woman' ]
[getAllProfiles] Filtered out: Wilfred Kuphal Gender: Man Not in allowed: [ 'Woman' ]
[getAllProfiles] Filtered out: Samantha Trantow Gender: Man Not in allowed: [ 'Woman' ]
[getAllProfiles] Filtered out: Amely VonRueden Gender: Man Not in allowed: [ 'Woman' ]
[getAllProfiles] Filtered out: Bernadette Rohan Gender: Man Not in allowed: [ 'Woman' ]
[getAllProfiles] Filtered out: Keely Kertzmann-Hickle Gender: Man Not in allowed: [ 'Woman' ]
[getAllProfiles] Filtered out: Victor Botsford Gender: Man Not in allowed: [ 'Woman' ]
[getAllProfiles] Filtered out: Gilberto Hand Gender: Man Not in allowed: [ 'Woman' ]
[getAllProfiles] Filtered out: Zakary Conn Gender: Man Not in allowed: [ 'Woman' ]
[getAllProfiles] Filtered out: Nelson Hayes Gender: Man Not in allowed: [ 'Woman' ]
[getAllProfiles] Filtered out: Derrick Collier Gender: Man Not in allowed: [ 'Woman' ]
[getAllProfiles] Filtered out: Alfredo Osinski Gender: Man Not in allowed: [ 'Woman' ]
[getAllProfiles] Filtered out: General Legros Gender: Man Not in allowed: [ 'Woman' ]
[getAllProfiles] Filtered out: Osborne DuBuque Gender: Man Not in allowed: [ 'Woman' ]
[getAllProfiles] Filtered out: Andrew Torphy-Collins Gender: Man Not in allowed: [ 'Woman' ]
[getAllProfiles] Filtered out: Stefan Miller Gender: Man Not in allowed: [ 'Woman' ]
[getAllProfiles] Filtered out: Anthony Strosin Gender: Man Not in allowed: [ 'Woman' ]
[getAllProfiles] Filtered out: Naomi Nitzsche Gender: Man Not in allowed: [ 'Woman' ]
[getAllProfiles] Filtered out: Lydia Hane Gender: Man Not in allowed: [ 'Woman' ]
[getAllProfiles] Filtered out: Kaitlyn Ernser Gender: Man Not in allowed: [ 'Woman' ]
[getAllProfiles] Filtered out: Marlon Doyle Gender: Man Not in allowed: [ 'Woman' ]
[getAllProfiles] Filtered out: Orlando Conroy-Langosh Gender: Man Not in allowed: [ 'Woman' ]
[getAllProfiles] Filtered out: Taylor Braun Gender: Man Not in allowed: [ 'Woman' ]
[getAllProfiles] Filtered out: Winfield Franey Gender: Man Not in allowed: [ 'Woman' ]
[getAllProfiles] Filtered out: Elbert Connelly Gender: Man Not in allowed: [ 'Woman' ]
[getAllProfiles] Filtered out: Ernesto Nienow Gender: Man Not in allowed: [ 'Woman' ]
[getAllProfiles] Filtered out: Terry Mante Gender: Man Not in allowed: [ 'Woman' ]
[getAllProfiles] Filtered out: Angela Rath Gender: Man Not in allowed: [ 'Woman' ]
[getAllProfiles] Filtered out: Tyrese Thompson Gender: Man Not in allowed: [ 'Woman' ]
[getAllProfiles] Filtered out: Julian Kuhlman Gender: Man Not in allowed: [ 'Woman' ]
[getAllProfiles] Filtered out: Terry Harvey Gender: Man Not in allowed: [ 'Woman' ]
[getAllProfiles] Filtered out: Adelia Gorczany Gender: Man Not in allowed: [ 'Woman' ]
[getAllProfiles] Filtered out: Joe Schultz Gender: Man Not in allowed: [ 'Woman' ]
[getAllProfiles] Filtered out: Mittie Green Gender: Man Not in allowed: [ 'Woman' ]
[getAllProfiles] Filtered out: Chad Kunde Gender: Man Not in allowed: [ 'Woman' ]
[getAllProfiles] Filtered out: Kelly Carter Gender: Man Not in allowed: [ 'Woman' ]
[getAllProfiles] Filtered out: Rene Crona Gender: Man Not in allowed: [ 'Woman' ]
[getAllProfiles] Filtered out: Jeff Cormier Gender: Man Not in allowed: [ 'Woman' ]
[getAllProfiles] Filtered out: Arthur Lind Gender: Man Not in allowed: [ 'Woman' ]
[getAllProfiles] Filtered out: Juvenal Predovic Gender: Man Not in allowed: [ 'Woman' ]
[getAllProfiles] Filtered out: Daphne Mueller Gender: Man Not in allowed: [ 'Woman' ]
[getAllProfiles] Filtered out: Earl Walker Gender: Man Not in allowed: [ 'Woman' ]
[getAllProfiles] Filtered out: Christiana Littel Gender: Man Not in allowed: [ 'Woman' ]
[getAllProfiles] Filtered out: Birdie Jakubowski Gender: Man Not in allowed: [ 'Woman' ]
[getAllProfiles] Filtered out: Kristopher Gusikowski-Jaskolski Gender: Man Not in allowed: [ 'Woman' ]
[getAllProfiles] Filtered out: Alberto Shanahan Gender: Man Not in allowed: [ 'Woman' ]
[getAllProfiles] Filtered out: Elwyn Hilll Gender: Man Not in allowed: [ 'Woman' ]
[getAllProfiles] Filtered out: Torrey Sipes Gender: Man Not in allowed: [ 'Woman' ]
[getAllProfiles] Filtered out: Erik Fay Gender: Man Not in allowed: [ 'Woman' ]
[getMatchedProfiles] maxDistance 5000 requested but user 6ab9245c-7b27-4991-9071-cfe037f40706 has no location. Returning empty.
Found 0 profiles.
Countries found: 
❌  Failure: Lebanon profiles missing at 5000km.

--- Test Case: No Viewer Location ---
[getAllProfiles] Viewer profile whoToDate: [ 'Women' ] for userId: 6ab9245c-7b27-4991-9071-cfe037f40706
[getAllProfiles] Filtering to genders: [ 'Woman' ]
[getAllProfiles] Filtered out: Harsh Roy Gender: Man Not in allowed: [ 'Woman' ]
[getAllProfiles] Filtered out: Parichay Gender: Man Not in allowed: [ 'Woman' ]
[getAllProfiles] Filtered out: Saurav Kumar Gender: Man Not in allowed: [ 'Woman' ]
[getAllProfiles] Filtered out: Saurav Kumar Gender: Man Not in allowed: [ 'Woman' ]
[getAllProfiles] Filtered out: Harsh Roy Gender: Man Not in allowed: [ 'Woman' ]
[getAllProfiles] Filtered out: Anant Gender: Man Not in allowed: [ 'Woman' ]
[getAllProfiles] Filtered out: Mohit Gender: Man Not in allowed: [ 'Woman' ]
[getAllProfiles] Filtered out: Aman Chauhan Gender: Man Not in allowed: [ 'Woman' ]
[getAllProfiles] Filtered out: Karan Johar Gender: Non Binary Not in allowed: [ 'Woman' ]
[getAllProfiles] Filtered out: Shivam Singh Gender: Man Not in allowed: [ 'Woman' ]
[getAllProfiles] Filtered out: Dipanshu Gender: Man Not in allowed: [ 'Woman' ]
[getAllProfiles] Filtered out: Nitin Gender: Man Not in allowed: [ 'Woman' ]
[getAllProfiles] Filtered out: Rahul Sharma Gender: Man Not in allowed: [ 'Woman' ]
[getAllProfiles] Filtered out: Mansi Gender: Man Not in allowed: [ 'Woman' ]
[getAllProfiles] Filtered out: Dilip Gender: Man Not in allowed: [ 'Woman' ]
[getAllProfiles] Filtered out: Sean McCullough Gender: Man Not in allowed: [ 'Woman' ]
[getAllProfiles] Filtered out: Carlo Zieme Gender: Man Not in allowed: [ 'Woman' ]
[getAllProfiles] Filtered out: Loy Hilll Gender: Man Not in allowed: [ 'Woman' ]
[getAllProfiles] Filtered out: Efrain Lynch Gender: Man Not in allowed: [ 'Woman' ]
[getAllProfiles] Filtered out: Cornelius Waters Gender: Man Not in allowed: [ 'Woman' ]
[getAllProfiles] Filtered out: Kim Cummings Gender: Man Not in allowed: [ 'Woman' ]
[getAllProfiles] Filtered out: Ari Berge Gender: Man Not in allowed: [ 'Woman' ]
[getAllProfiles] Filtered out: Fred Weimann Gender: Man Not in allowed: [ 'Woman' ]
[getAllProfiles] Filtered out: Vena McClure Gender: Man Not in allowed: [ 'Woman' ]
[getAllProfiles] Filtered out: Cory Casper Gender: Man Not in allowed: [ 'Woman' ]
[getAllProfiles] Filtered out: Robert Kassulke Gender: Man Not in allowed: [ 'Woman' ]
[getAllProfiles] Filtered out: Nick Senger Gender: Man Not in allowed: [ 'Woman' ]
[getAllProfiles] Filtered out: Alessandra Kling Gender: Man Not in allowed: [ 'Woman' ]
[getAllProfiles] Filtered out: Brian Leffler-Sporer Gender: Man Not in allowed: [ 'Woman' ]
[getAllProfiles] Filtered out: Daryl Connelly Gender: Man Not in allowed: [ 'Woman' ]
[getAllProfiles] Filtered out: Isadore Ankunding Gender: Man Not in allowed: [ 'Woman' ]
[getAllProfiles] Filtered out: Julio Fahey-Ebert Gender: Man Not in allowed: [ 'Woman' ]
[getAllProfiles] Filtered out: Karine Kuphal Gender: Man Not in allowed: [ 'Woman' ]
[getAllProfiles] Filtered out: Athena Bailey Gender: Man Not in allowed: [ 'Woman' ]
[getAllProfiles] Filtered out: Luis Stamm Gender: Man Not in allowed: [ 'Woman' ]
[getAllProfiles] Filtered out: Scotty Wolff Gender: Man Not in allowed: [ 'Woman' ]
[getAllProfiles] Filtered out: Abdul Bayer Gender: Man Not in allowed: [ 'Woman' ]
[getAllProfiles] Filtered out: Wesley Price Gender: Man Not in allowed: [ 'Woman' ]
[getAllProfiles] Filtered out: Vernon Marvin Gender: Man Not in allowed: [ 'Woman' ]
[getAllProfiles] Filtered out: Hilda Will Gender: Man Not in allowed: [ 'Woman' ]
[getAllProfiles] Filtered out: Rubye Lynch Gender: Man Not in allowed: [ 'Woman' ]
[getAllProfiles] Filtered out: Ted Beatty Gender: Man Not in allowed: [ 'Woman' ]
[getAllProfiles] Filtered out: Iliana Kuhlman Gender: Man Not in allowed: [ 'Woman' ]
[getAllProfiles] Filtered out: Linnie Franey Gender: Man Not in allowed: [ 'Woman' ]
[getAllProfiles] Filtered out: Vincent Feeney Gender: Man Not in allowed: [ 'Woman' ]
[getAllProfiles] Filtered out: Ernest Frami Gender: Man Not in allowed: [ 'Woman' ]
[getAllProfiles] Filtered out: Alex MacGyver Gender: Man Not in allowed: [ 'Woman' ]
[getAllProfiles] Filtered out: Stefan Rogahn Gender: Man Not in allowed: [ 'Woman' ]
[getAllProfiles] Filtered out: Emanuel Rippin Gender: Man Not in allowed: [ 'Woman' ]
[getAllProfiles] Filtered out: Kamron Pfeffer Gender: Man Not in allowed: [ 'Woman' ]
[getAllProfiles] Filtered out: Colin Yundt Gender: Man Not in allowed: [ 'Woman' ]
[getAllProfiles] Filtered out: Adah Lehner Gender: Man Not in allowed: [ 'Woman' ]
[getAllProfiles] Filtered out: Percy Christiansen Gender: Man Not in allowed: [ 'Woman' ]
[getAllProfiles] Filtered out: Juana Brekke Gender: Man Not in allowed: [ 'Woman' ]
[getAllProfiles] Filtered out: Jewel Runolfsdottir-Herman Gender: Man Not in allowed: [ 'Woman' ]
[getAllProfiles] Filtered out: Allen Koepp Gender: Man Not in allowed: [ 'Woman' ]
[getAllProfiles] Filtered out: Gabriel Ward Gender: Man Not in allowed: [ 'Woman' ]
[getAllProfiles] Filtered out: Reginald Cassin-Fisher Gender: Man Not in allowed: [ 'Woman' ]
[getAllProfiles] Filtered out: Dexter Zboncak Gender: Man Not in allowed: [ 'Woman' ]
[getAllProfiles] Filtered out: Geoffrey Kris Gender: Man Not in allowed: [ 'Woman' ]
[getAllProfiles] Filtered out: Courtney Erdman Gender: Man Not in allowed: [ 'Woman' ]
[getAllProfiles] Filtered out: Stuart Littel Gender: Man Not in allowed: [ 'Woman' ]
[getAllProfiles] Filtered out: Ray Huels Gender: Man Not in allowed: [ 'Woman' ]
[getAllProfiles] Filtered out: Kelly Nitzsche Gender: Man Not in allowed: [ 'Woman' ]
[getAllProfiles] Filtered out: Ernesto Ortiz Gender: Man Not in allowed: [ 'Woman' ]
[getAllProfiles] Filtered out: Joey Rempel Gender: Man Not in allowed: [ 'Woman' ]
[getAllProfiles] Filtered out: Blanca Mueller Gender: Man Not in allowed: [ 'Woman' ]
[getAllProfiles] Filtered out: Lucas Yost Gender: Man Not in allowed: [ 'Woman' ]
[getAllProfiles] Filtered out: Casey Hane Gender: Man Not in allowed: [ 'Woman' ]
[getAllProfiles] Filtered out: John Jacobson Gender: Man Not in allowed: [ 'Woman' ]
[getAllProfiles] Filtered out: Earnest Heller Gender: Man Not in allowed: [ 'Woman' ]
[getAllProfiles] Filtered out: Rosalind Douglas Gender: Man Not in allowed: [ 'Woman' ]
[getAllProfiles] Filtered out: Elbert Senger Gender: Man Not in allowed: [ 'Woman' ]
[getAllProfiles] Filtered out: Kieran Dare Gender: Man Not in allowed: [ 'Woman' ]
[getAllProfiles] Filtered out: Loyal Tillman Gender: Man Not in allowed: [ 'Woman' ]
[getAllProfiles] Filtered out: Jeanie Kuhn Gender: Man Not in allowed: [ 'Woman' ]
[getAllProfiles] Filtered out: Gus Ebert-Wolff Gender: Man Not in allowed: [ 'Woman' ]
[getAllProfiles] Filtered out: Luther Miller Gender: Man Not in allowed: [ 'Woman' ]
[getAllProfiles] Filtered out: Anthony Kohler Gender: Man Not in allowed: [ 'Woman' ]
[getAllProfiles] Filtered out: Anastacio Gerhold Gender: Man Not in allowed: [ 'Woman' ]
[getAllProfiles] Filtered out: Willis Veum Gender: Man Not in allowed: [ 'Woman' ]
[getAllProfiles] Filtered out: John Stiedemann Gender: Man Not in allowed: [ 'Woman' ]
[getAllProfiles] Filtered out: Kenyon Hintz Gender: Man Not in allowed: [ 'Woman' ]
[getAllProfiles] Filtered out: Mabelle Spencer-Dibbert Gender: Man Not in allowed: [ 'Woman' ]
[getAllProfiles] Filtered out: Jaiden Jacobs Gender: Man Not in allowed: [ 'Woman' ]
[getAllProfiles] Filtered out: Darby Runte Gender: Man Not in allowed: [ 'Woman' ]
[getAllProfiles] Filtered out: Jesse Renner Gender: Man Not in allowed: [ 'Woman' ]
[getAllProfiles] Filtered out: Johnathan Turner Gender: Man Not in allowed: [ 'Woman' ]
[getAllProfiles] Filtered out: Shane Batz Gender: Man Not in allowed: [ 'Woman' ]
[getAllProfiles] Filtered out: Brandon Abbott Gender: Man Not in allowed: [ 'Woman' ]
[getAllProfiles] Filtered out: Raphaelle Bergstrom Gender: Man Not in allowed: [ 'Woman' ]
[getAllProfiles] Filtered out: Maudie Kihn Gender: Man Not in allowed: [ 'Woman' ]
[getAllProfiles] Filtered out: Quentin Kunze Gender: Man Not in allowed: [ 'Woman' ]
[getAllProfiles] Filtered out: William Bergnaum Gender: Man Not in allowed: [ 'Woman' ]
[getAllProfiles] Filtered out: Vivian Heathcote Gender: Man Not in allowed: [ 'Woman' ]
[getAllProfiles] Filtered out: Coleman Wolf Gender: Man Not in allowed: [ 'Woman' ]
[getAllProfiles] Filtered out: Emmett Bogisich Gender: Man Not in allowed: [ 'Woman' ]
[getAllProfiles] Filtered out: Dovie Marquardt Gender: Man Not in allowed: [ 'Woman' ]
[getAllProfiles] Filtered out: Israel Nitzsche Gender: Man Not in allowed: [ 'Woman' ]
[getAllProfiles] Filtered out: Andrew Moen Gender: Man Not in allowed: [ 'Woman' ]
[getAllProfiles] Filtered out: Adeline Greenholt Gender: Man Not in allowed: [ 'Woman' ]
[getAllProfiles] Filtered out: Keith Hettinger Gender: Man Not in allowed: [ 'Woman' ]
[getAllProfiles] Filtered out: Rashawn Wisozk Gender: Man Not in allowed: [ 'Woman' ]
[getAllProfiles] Filtered out: Alfred Hahn Gender: Man Not in allowed: [ 'Woman' ]
[getAllProfiles] Filtered out: Danny Morissette Gender: Man Not in allowed: [ 'Woman' ]
[getAllProfiles] Filtered out: Kennedy Jast Gender: Man Not in allowed: [ 'Woman' ]
[getAllProfiles] Filtered out: Carmelo Hudson Gender: Man Not in allowed: [ 'Woman' ]
[getAllProfiles] Filtered out: Shane Waters Gender: Man Not in allowed: [ 'Woman' ]
[getAllProfiles] Filtered out: Jonatan Howe Gender: Man Not in allowed: [ 'Woman' ]
[getAllProfiles] Filtered out: Byron Windler-Leannon Gender: Man Not in allowed: [ 'Woman' ]
[getAllProfiles] Filtered out: Andy Luettgen Gender: Man Not in allowed: [ 'Woman' ]
[getAllProfiles] Filtered out: Clare Reilly Gender: Man Not in allowed: [ 'Woman' ]
[getAllProfiles] Filtered out: Brett Huels Gender: Man Not in allowed: [ 'Woman' ]
[getAllProfiles] Filtered out: Lamar Von Gender: Man Not in allowed: [ 'Woman' ]
[getAllProfiles] Filtered out: Allan Howell Gender: Man Not in allowed: [ 'Woman' ]
[getAllProfiles] Filtered out: Oliver Stanton Gender: Man Not in allowed: [ 'Woman' ]
[getAllProfiles] Filtered out: Damon Larkin-Turcotte Gender: Man Not in allowed: [ 'Woman' ]
[getAllProfiles] Filtered out: Hector O'Reilly Gender: Man Not in allowed: [ 'Woman' ]
[getAllProfiles] Filtered out: Maurice Pollich Gender: Man Not in allowed: [ 'Woman' ]
[getAllProfiles] Filtered out: Tyler Stokes Gender: Man Not in allowed: [ 'Woman' ]
[getAllProfiles] Filtered out: Blake Miller Gender: Man Not in allowed: [ 'Woman' ]
[getAllProfiles] Filtered out: Diamond Donnelly Gender: Man Not in allowed: [ 'Woman' ]
[getAllProfiles] Filtered out: Julian Lindgren Gender: Man Not in allowed: [ 'Woman' ]
[getAllProfiles] Filtered out: Fernando Wiza-Stracke Gender: Man Not in allowed: [ 'Woman' ]
[getAllProfiles] Filtered out: Gilbert Brekke Gender: Man Not in allowed: [ 'Woman' ]
[getAllProfiles] Filtered out: Carlton Tromp Gender: Man Not in allowed: [ 'Woman' ]
[getAllProfiles] Filtered out: Danny Little Gender: Man Not in allowed: [ 'Woman' ]
[getAllProfiles] Filtered out: Ted Gleichner Gender: Man Not in allowed: [ 'Woman' ]
[getAllProfiles] Filtered out: Rudolph Nienow Gender: Man Not in allowed: [ 'Woman' ]
[getAllProfiles] Filtered out: Robert Kutch Gender: Man Not in allowed: [ 'Woman' ]
[getAllProfiles] Filtered out: Keith Powlowski Gender: Man Not in allowed: [ 'Woman' ]
[getAllProfiles] Filtered out: Maurine Kertzmann Gender: Man Not in allowed: [ 'Woman' ]
[getAllProfiles] Filtered out: Abdullah Rutherford Gender: Man Not in allowed: [ 'Woman' ]
[getAllProfiles] Filtered out: Lisette Rempel Gender: Man Not in allowed: [ 'Woman' ]
[getAllProfiles] Filtered out: Lionel Dickinson Gender: Man Not in allowed: [ 'Woman' ]
[getAllProfiles] Filtered out: Deangelo Hegmann Gender: Man Not in allowed: [ 'Woman' ]
[getAllProfiles] Filtered out: Wallace Koss Gender: Man Not in allowed: [ 'Woman' ]
[getAllProfiles] Filtered out: Zachery Gusikowski Gender: Man Not in allowed: [ 'Woman' ]
[getAllProfiles] Filtered out: Greg Roob Gender: Man Not in allowed: [ 'Woman' ]
[getAllProfiles] Filtered out: Claude Boyer Gender: Man Not in allowed: [ 'Woman' ]
[getAllProfiles] Filtered out: Tabitha Schimmel Gender: Man Not in allowed: [ 'Woman' ]
[getAllProfiles] Filtered out: Austin Ebert Gender: Man Not in allowed: [ 'Woman' ]
[getAllProfiles] Filtered out: Cruz Towne-Klocko Gender: Man Not in allowed: [ 'Woman' ]
[getAllProfiles] Filtered out: Kale Gulgowski Gender: Man Not in allowed: [ 'Woman' ]
[getAllProfiles] Filtered out: Hans Waelchi-Cassin Gender: Man Not in allowed: [ 'Woman' ]
[getAllProfiles] Filtered out: Chris Daugherty Gender: Man Not in allowed: [ 'Woman' ]
[getAllProfiles] Filtered out: Kristoffer Brakus Gender: Man Not in allowed: [ 'Woman' ]
[getAllProfiles] Filtered out: Wade Reilly Gender: Man Not in allowed: [ 'Woman' ]
[getAllProfiles] Filtered out: Madge Kohler Gender: Man Not in allowed: [ 'Woman' ]
[getAllProfiles] Filtered out: Harry Bayer Gender: Man Not in allowed: [ 'Woman' ]
[getAllProfiles] Filtered out: Guadalupe Blick Gender: Man Not in allowed: [ 'Woman' ]
[getAllProfiles] Filtered out: Darby Kutch Gender: Man Not in allowed: [ 'Woman' ]
[getAllProfiles] Filtered out: Archie Kuhic Gender: Man Not in allowed: [ 'Woman' ]
[getAllProfiles] Filtered out: David Rodriguez Gender: Man Not in allowed: [ 'Woman' ]
[getAllProfiles] Filtered out: Luke Bradtke Gender: Man Not in allowed: [ 'Woman' ]
[getAllProfiles] Filtered out: Jordan Halvorson Gender: Man Not in allowed: [ 'Woman' ]
[getAllProfiles] Filtered out: Rudolph Denesik Gender: Man Not in allowed: [ 'Woman' ]
[getAllProfiles] Filtered out: Shane Hansen Gender: Man Not in allowed: [ 'Woman' ]
[getAllProfiles] Filtered out: Ellis Feil Gender: Man Not in allowed: [ 'Woman' ]
[getAllProfiles] Filtered out: Dejuan Beier Gender: Man Not in allowed: [ 'Woman' ]
[getAllProfiles] Filtered out: Gianni Fay Gender: Man Not in allowed: [ 'Woman' ]
[getAllProfiles] Filtered out: Lila Beatty Gender: Man Not in allowed: [ 'Woman' ]
[getAllProfiles] Filtered out: Donny Howe Gender: Man Not in allowed: [ 'Woman' ]
[getAllProfiles] Filtered out: Easter Mayer Gender: Man Not in allowed: [ 'Woman' ]
[getAllProfiles] Filtered out: Joe Kutch Gender: Man Not in allowed: [ 'Woman' ]
[getAllProfiles] Filtered out: Jaron Ruecker Gender: Man Not in allowed: [ 'Woman' ]
[getAllProfiles] Filtered out: Wilfred Kuphal Gender: Man Not in allowed: [ 'Woman' ]
[getAllProfiles] Filtered out: Samantha Trantow Gender: Man Not in allowed: [ 'Woman' ]
[getAllProfiles] Filtered out: Amely VonRueden Gender: Man Not in allowed: [ 'Woman' ]
[getAllProfiles] Filtered out: Bernadette Rohan Gender: Man Not in allowed: [ 'Woman' ]
[getAllProfiles] Filtered out: Keely Kertzmann-Hickle Gender: Man Not in allowed: [ 'Woman' ]
[getAllProfiles] Filtered out: Victor Botsford Gender: Man Not in allowed: [ 'Woman' ]
[getAllProfiles] Filtered out: Gilberto Hand Gender: Man Not in allowed: [ 'Woman' ]
[getAllProfiles] Filtered out: Zakary Conn Gender: Man Not in allowed: [ 'Woman' ]
[getAllProfiles] Filtered out: Nelson Hayes Gender: Man Not in allowed: [ 'Woman' ]
[getAllProfiles] Filtered out: Derrick Collier Gender: Man Not in allowed: [ 'Woman' ]
[getAllProfiles] Filtered out: Alfredo Osinski Gender: Man Not in allowed: [ 'Woman' ]
[getAllProfiles] Filtered out: General Legros Gender: Man Not in allowed: [ 'Woman' ]
[getAllProfiles] Filtered out: Osborne DuBuque Gender: Man Not in allowed: [ 'Woman' ]
[getAllProfiles] Filtered out: Andrew Torphy-Collins Gender: Man Not in allowed: [ 'Woman' ]
[getAllProfiles] Filtered out: Stefan Miller Gender: Man Not in allowed: [ 'Woman' ]
[getAllProfiles] Filtered out: Anthony Strosin Gender: Man Not in allowed: [ 'Woman' ]
[getAllProfiles] Filtered out: Naomi Nitzsche Gender: Man Not in allowed: [ 'Woman' ]
[getAllProfiles] Filtered out: Lydia Hane Gender: Man Not in allowed: [ 'Woman' ]
[getAllProfiles] Filtered out: Kaitlyn Ernser Gender: Man Not in allowed: [ 'Woman' ]
[getAllProfiles] Filtered out: Marlon Doyle Gender: Man Not in allowed: [ 'Woman' ]
[getAllProfiles] Filtered out: Orlando Conroy-Langosh Gender: Man Not in allowed: [ 'Woman' ]
[getAllProfiles] Filtered out: Taylor Braun Gender: Man Not in allowed: [ 'Woman' ]
[getAllProfiles] Filtered out: Winfield Franey Gender: Man Not in allowed: [ 'Woman' ]
[getAllProfiles] Filtered out: Elbert Connelly Gender: Man Not in allowed: [ 'Woman' ]
[getAllProfiles] Filtered out: Ernesto Nienow Gender: Man Not in allowed: [ 'Woman' ]
[getAllProfiles] Filtered out: Terry Mante Gender: Man Not in allowed: [ 'Woman' ]
[getAllProfiles] Filtered out: Angela Rath Gender: Man Not in allowed: [ 'Woman' ]
[getAllProfiles] Filtered out: Tyrese Thompson Gender: Man Not in allowed: [ 'Woman' ]
[getAllProfiles] Filtered out: Julian Kuhlman Gender: Man Not in allowed: [ 'Woman' ]
[getAllProfiles] Filtered out: Terry Harvey Gender: Man Not in allowed: [ 'Woman' ]
[getAllProfiles] Filtered out: Adelia Gorczany Gender: Man Not in allowed: [ 'Woman' ]
[getAllProfiles] Filtered out: Joe Schultz Gender: Man Not in allowed: [ 'Woman' ]
[getAllProfiles] Filtered out: Mittie Green Gender: Man Not in allowed: [ 'Woman' ]
[getAllProfiles] Filtered out: Chad Kunde Gender: Man Not in allowed: [ 'Woman' ]
[getAllProfiles] Filtered out: Kelly Carter Gender: Man Not in allowed: [ 'Woman' ]
[getAllProfiles] Filtered out: Rene Crona Gender: Man Not in allowed: [ 'Woman' ]
[getAllProfiles] Filtered out: Jeff Cormier Gender: Man Not in allowed: [ 'Woman' ]
[getAllProfiles] Filtered out: Arthur Lind Gender: Man Not in allowed: [ 'Woman' ]
[getAllProfiles] Filtered out: Juvenal Predovic Gender: Man Not in allowed: [ 'Woman' ]
[getAllProfiles] Filtered out: Daphne Mueller Gender: Man Not in allowed: [ 'Woman' ]
[getAllProfiles] Filtered out: Earl Walker Gender: Man Not in allowed: [ 'Woman' ]
[getAllProfiles] Filtered out: Christiana Littel Gender: Man Not in allowed: [ 'Woman' ]
[getAllProfiles] Filtered out: Birdie Jakubowski Gender: Man Not in allowed: [ 'Woman' ]
[getAllProfiles] Filtered out: Kristopher Gusikowski-Jaskolski Gender: Man Not in allowed: [ 'Woman' ]
[getAllProfiles] Filtered out: Alberto Shanahan Gender: Man Not in allowed: [ 'Woman' ]
[getAllProfiles] Filtered out: Elwyn Hilll Gender: Man Not in allowed: [ 'Woman' ]
[getAllProfiles] Filtered out: Torrey Sipes Gender: Man Not in allowed: [ 'Woman' ]
[getAllProfiles] Filtered out: Erik Fay Gender: Man Not in allowed: [ 'Woman' ]
[getMatchedProfiles] maxDistance 100 requested but user 6ab9245c-7b27-4991-9071-cfe037f40706 has no location. Returning empty.
Found 0 profiles when viewer location is missing.
✅  Success: Empty list returned when location is required but missing.

🔌  Disconnected.
